// Jest Snapshot v1, https://goo.gl/fbAQLP

exports[`Should FilmCard render correctly 1`] = `
<article
  className="small-movie-card catalog__movies-card"
  onMouseEnter={[Function]}
  onMouseLeave={[Function]}
>
  <a
    href="/film"
    onClick={[Function]}
  >
    <div
      className="small-movie-card__image"
    >
      <video
        className="player__video"
        poster="img/fantastic-beasts-the-crimes-of-grindelwald.jpg"
      />
      <img
        alt="Fantastic Beasts"
        height="175"
        src="img/fantastic-beasts-the-crimes-of-grindelwald.jpg"
        width="280"
      />
    </div>
  </a>
  <h3
    className="small-movie-card__title"
  >
    <a
      className="small-movie-card__link"
      href="/film"
      onClick={[Function]}
    >
      Fantastic Beasts
    </a>
  </h3>
</article>
`;
