// Jest Snapshot v1, https://goo.gl/fbAQLP

exports[`Should FilmPageReview render correctly 1`] = `
<div
  className="review"
>
  <blockquote
    className="review__quote"
  >
    <p
      className="review__text"
      style={
        Object {
          "overflow": "hidden",
          "textOverflow": "ellipsis",
        }
      }
    >
      lalala
    </p>
    <footer
      className="review__details"
    >
      <cite
        className="review__author"
      >
        Valera
      </cite>
      <time
        className="review__date"
        dateTime="1996-07-12"
      >
        July 12, 1996
      </time>
    </footer>
  </blockquote>
  <div
    className="review__rating"
  >
    5
  </div>
</div>
`;
