// Jest Snapshot v1, https://goo.gl/fbAQLP

exports[`Should Tabs render correctly 1`] = `
<ul
  className="movie-nav__list"
>
  <li
    className="movie-nav__item movie-nav__item--active"
    onClick={[Function]}
  >
    <a
      className="movie-nav__link"
      style={
        Object {
          "cursor": "pointer",
        }
      }
    >
      Overview
    </a>
  </li>
  <li
    className="movie-nav__item"
    onClick={[Function]}
  >
    <a
      className="movie-nav__link"
      style={
        Object {
          "cursor": "pointer",
        }
      }
    >
      Details
    </a>
  </li>
  <li
    className="movie-nav__item"
    onClick={[Function]}
  >
    <a
      className="movie-nav__link"
      style={
        Object {
          "cursor": "pointer",
        }
      }
    >
      Reviews
    </a>
  </li>
</ul>
`;
