// Jest Snapshot v1, https://goo.gl/fbAQLP

exports[`Should Loading render correctly 1`] = `
<div
  className="sweet-loading"
  style={
    Object {
      "backgroundColor": "#150202",
      "height": "100vh",
    }
  }
>
  <div
    className="css-1fnkusb"
  >
    <div
      className="css-qgh95i"
    />
    <div
      className="css-s09cay"
    />
    <div
      className="css-9nhjxe"
    />
    <div
      className="css-3emaeb"
    />
    <div
      className="css-nr88wv"
    />
    <div
      className="css-1m9fy0h"
    />
  </div>
</div>
`;
